Achats des clients                                                              
Idcl	Date achat	Genre 		Prix 		                                                 
2		11-OCT-14	Policier	9                                                         
avg : 		9                                                                       
sum : 		9                                                                       
Idcl	Date achat	Genre 		Prix 		                                                 
3		07-NOV-14	Policier	9                                                         
3		10-DEC-14	Policier	9                                                         
avg : 		18                                                                      
sum : 		9                                                                       
Idcl	Date achat	Genre 		Prix 		                                                 
4		05-JAN-14	litterature	5                                                      
4		06-AUG-14	fantastique	4                                                      
avg : 		9                                                                       
sum : 		5                                                                       
